<html>
  <head>
    <link rel="stylesheet" href="/styles.css">
  </head>
  <body>
    <div id="page-content">


<h1>Sample Leaf Page</h1>

<p>Leaf templates are pure leaf!

<p>The metadata from the top of the document is passed into the template as <code>metadata</code>.
Access the property with <code>current.metadata.sampleProperty</code>.
For example, the sample property has a value of sampleValue</p>

<p>in addition, full YAML is available. Here is the <code>simpleList</code> from above:</p>

<ul>

<li>contains</li>

<li>several</li>

<li>items</li>

</ul>


<p>Here is the <code>complex-list</code> from above:</p>

<ul>

<li><b>Turnip</b> <img src="http://placekitten.com/g/100/200"/></li>

<li><b>Pumpkin</b> <img src="http://placekitten.com/g/200/100"/></li>

<li><b>Yam</b> <img src="http://placekitten.com/g/50/70"/></li>

</ul>


    </div>
  </body>
</html>

