
<h1>Sample Property</h1>

<p>The front matter is passed into the template. Access the property with <code>current.metadata.sampleProperty</code>.
For example, the sample property has a value of sampleValue</p>

<div>The title is also available. Either direcly <code>current.title</code>: Pure Leaf Template Sample - No Template,
or via the metadata: <code>current.metadata.title</code>: Pure Leaf Template Sample - No Template</div>

<p>No template has been selected here</p>

