<html>
  <head>
    <link rel="stylesheet" href="/styles.css">
  </head>
  <body>
    <div id="page-content">


<h1>Extending a template</h1>

<p>Leaf templates are pure leaf! This extends the <code>page.leaf</code> template.</p>



    </div>
  </body>
</html>

