
<h1>Sample Property</h1>

<p>The front matter is passed into the template. Access the property with <code>current.frontMatter.sampleProperty</code>. For example, the sample property has a value of sampleValue</p>


