
<h1>Sample Property</h1>

<p>The front matter is passed into the template. Access the property with <code>current.metadata.sampleProperty</code>.
For example, the sample property has a value of sampleValue</p>

<div>Here is the full metadata: [title: "Pure Leaf Template Sample - No Template", sampleProperty: "sampleValue"]</div>

<p>No template has been selected here</p>

