<html>
  <head>
    <link rel="stylesheet" href="/styles.css">
  </head>
  <body>
    <div id="page-content">



<h1>Site Map</h1>

<h2>Pages</h2>
<ul>

<li><a href="/extend-template.html">Extend a template manually, using leaf</a></li>

<li><a href="/frontmatter-variable-no-template.html">Pure Leaf Template Sample - No Template</a></li>

<li><a href="/frontmatter.html">Pure Leaf Template Sample</a></li>

<li><a href="/index.html">Site map</a></li>

<li><a href="/partials.html">Leaf Partials Demo</a></li>

</ul>

<h2>Posts</h2>
<ul>

</ul>



    </div>
  </body>
</html>
