<html>
  <head>
    <link rel="stylesheet" href="/styles.css">
  </head>
  <body>
    <div id="page-content">


<h1>Leaf Partials Demo Page</h1>

<p>Leaf templates are pure leaf! </p>

<p>Here is an example of including a Rails-style "partial"</p>


<div>

<div>
<img src="http://placekitten.com/g/200/200" />
</div>
<div>
<b>Caption 1</b>
</div>

</div>


<p>Partials can be included multiple times in the same document</p>


<div>

<div>
<img src="http://placekitten.com/g/100/100" />
</div>
<div>
<b>Caption 2</b>
</div>

</div>




    </div>
  </body>
</html>

