<html>
  <head>
    <link rel="stylesheet" href="/styles.css">
  </head>
  <body>
    <div>
    Custom template
    </div>
    <div id="custom-content">


<h1>Custom Template HTML Post</h1>

<p>HTML blog posts can have a custom template by setting <code>template: templateName.leaf</code> in the front matter.</p>



    </div>
  </body>
</html>
