<html>
  <head>
    <link rel="stylesheet" href="/styles.css">
  </head>
  <body>
    <div id="post-content">

<h1>HTML Blog Post title</h1>

<p>Blog posts can be html also, and will default to the <code>post.leaf</code> template. The HTML is passed into the template as the <code>content</code> variable.</p>


    </div>
  </body>
</html>
