<html>
  <head>
    <link rel="stylesheet" href="/styles.css">
  </head>
  <body>
    <div id="post-content">

<h1>Markdown Title</h1>
<p>Markdown paragraph</p>


    </div>
  </body>
</html>
