
<html>
  <head>
    <link rel="stylesheet" href="/styles.css">
  </head>
  <body>
    <div id="post-content">


<h1>Date Prefix for files</h1>
<p>If the filename starts with a date prefix, LeafPress will use that date instead of the date in the front matter (if it exists).</p>



    </div>
  </body>
</html>
