<html>
  <head>
    <link rel="stylesheet" href="/styles.css">
  </head>
  <body>
    <div id="page-content">


<h1>Sample Leaf Page</h1>

<p>Leaf templates are pure leaf!</p>

<p>The data at the top of the document is passed into the template. Access the property with <code>current.metadata.sampleProperty</code>.
For example, the sample property has a value of sampleValue</p>



    </div>
  </body>
</html>

