<html>
<head>
<link rel="stylesheet" href="/styles.css">
</head>
<body>
<div id="contents">

<h1>Markdown Title</h1>
<p>Markdown paragraph</p>


</div>
</body>
