<html>
  <head>
    <link rel="stylesheet" href="/styles.css">
  </head>
  <body>
    <div>
    Custom template
    </div>
    <div id="custom-content">

<h1>Custom Template Sample</h1>
<p>This demonstrates using a custom template for a page.</p>
<p>Pages can be markdown or html. The content will be passed to the template in the <code>content</code> leaf variable.</p>


    </div>
  </body>
</html>
