<html>
  <head>
    <link rel="stylesheet" href="/styles.css">
  </head>
  <body>
    <div id="page-content">



<h1>Site Map</h1>

<h2>Pages</h2>
<ul>

<li><a href="/frontmatter-template-sample.html">Custom Template Sample</a></li>

<li><a href="/index.html">Index Sample</a></li>

<li><a href="/leaf-sample.html">Pure Leaf Template Sample</a></li>

</ul>

<h2>Posts</h2>
<ul>

<li><a href="/posts/sample-post-with-custom-template.html">Markdown Blog Post with custom Template</a> - June 1, 2020</li>

<li><a href="/posts/sample-post.html">Markdown Blog Post</a> - November 1, 2020</li>

<li><a href="/posts/html-post.html">HTML Blog Post title</a> - December 1, 2020</li>

</ul>



    </div>
  </body>
</html>

