<html>
  <head>
    <link rel="stylesheet" href="/styles.css">
  </head>
  <body>
    <div id="page-content">


<h1>Sample Leaf Page</h1>

<p>Leaf templates are pure leaf! A <code>template</code> set in the front matter is undefined.

<p>The front matter is passed into the template. Access the property with <code>current.frontMatter.sampleProperty</code>. For example, the sample property has a value of sampleValue</p>



    </div>
  </body>
</html>

