<html>
  <head>
    <link rel="stylesheet" href="/styles.css">
  </head>
  <body>
    <div id="page-content">

<h1>Sample Page</h1>

The sample property has a value of Bagel


    </div>
  </body>
</html>
