<html>
  <head>
    <link rel="stylesheet" href="/styles.css">
  </head>
  <body>
    <div id="post-content">


<h1>Date from path example</h1>
<p>LeafPress can determine the date of a post from its path.</p>
<p>Static resources are copied over verbatim so that images that go with the blog post are in a nearby folder.</p>
<p><img src="images/image.png" alt="image" /></p>
<p>Here is an image in the <code>images</code> sub-folder.</p>



    </div>
  </body>
</html>
