<html>
  <head>
    <link rel="stylesheet" href="/styles.css">
  </head>
  <body>
    <div id="post-content">


<h1>Markdown Blog Post</h1>
<p>Markdown is converted to HTML and then rendered into a template as the <code>content</code> variable. The default template is <code>post.leaf</code>.</p>



    </div>
  </body>
</html>
