<html>

<head>
    <title>Download</title>
</head>

<body>
    <h1>Download page</h1>
    <p>Download the app!</p>
</body>

</html>